../Core/Src/main.c:91:5:main	144	static
../Core/Src/main.c:182:6:SystemClock_Config	88	static
../Core/Src/main.c:227:13:MX_I2C1_Init	8	static
../Core/Src/main.c:259:13:MX_USART2_UART_Init	8	static
../Core/Src/main.c:290:13:MX_GPIO_Init	48	static
../Core/Src/main.c:366:6:BuzzerTask	16	static
../Core/Src/main.c:394:6:LCDTask	48	static
../Core/Src/main.c:532:6:KeypadTask	24	static
../Core/Src/main.c:549:6:PIRTask	24	static
../Core/Src/main.c:589:6:HAL_TIM_PeriodElapsedCallback	16	static
../Core/Src/main.c:605:6:Error_Handler	4	static,ignoring_inline_asm
